exports[`test Jumbotron rendered static HTML 1`] = `
<div
  className="jumbotron">
  <div
    className="ghosted">
    <h1>
      Dogs: The Musical
    </h1>
    <p>
      “It’ll have you barking in your seat!”
    </p>
    <p>
      <a
        className="btn btn-primary"
        href="#">
        Buy Tickets
      </a>
    </p>
  </div>
</div>
`;
